=== Spider-Clash Run Log ===
Date: 2026-10-07T00:18:47.052Z
Duration: 25231ms

[Statistics]
Total Raw Links Found: 321
Valid Format Nodes: 248
Validated Available Nodes: 45

[Errors]
None

[Config]
Sources: [
  "https://oneclash.cc/a/*.html",
  "https://oneclash.cc/a/2312.html",
  "https://clashnodev2ray.github.io/",
  "https://clashnodev2ray.github.io/2025/12/12/free-ssr-node/",
  "https://github.com/free-nodes/v2rayfree",
  "https://freenode.openrunner.net/tag/v2ray/",
  "https://freenode.openrunner.net/post/20251212/",
  "https://www.cfmem.com/search/label/free",
  "https://clashgithub.com/category/freenode",
  "https://github.com/free-nodes/clashfree",
  "https://github.com/free18/v2ray",
  "https://github.com/Pawdroid/Free-servers",
  "https://github.com/John19187/v2ray-SSR-Clash-Verge-Shadowrocke",
  "https://github.com/Alvin9999/new-pac/wiki/v2ray%E5%85%8D%E8%B4%B9%E8%B4%A6%E5%8F%B7",
  "https://github.com/shaoyouvip/free",
  "https://github.com/hwanz/SSR-V2ray-Trojan-vpn"
]
============================